// Jest Snapshot v1, https://goo.gl/fbAQLP

exports[`EnhancedWalletScreen handles empty wallets list 1`] = `null`;

exports[`EnhancedWalletScreen handles missing wallets array gracefully 1`] = `null`;

exports[`EnhancedWalletScreen renders enhanced wallet screen with current identity 1`] = `null`;

exports[`EnhancedWalletScreen renders loading view when no currentIdentity 1`] = `null`;

exports[`EnhancedWalletScreen renders with multiple wallets 1`] = `null`;
